../Application/User/Core/aes.c:162:13:KeyExpansion	16	static
../Application/User/Core/aes.c:253:13:AddRoundKey	12	static
../Application/User/Core/aes.c:267:13:SubBytes	4	static
../Application/User/Core/aes.c:282:13:ShiftRows	0	static
../Application/User/Core/aes.c:310:16:xtime	0	static
../Application/User/Core/aes.c:316:13:MixColumns	40	static
../Application/User/Core/aes.c:366:13:InvMixColumns	80	static
../Application/User/Core/aes.c:387:13:InvSubBytes	4	static
../Application/User/Core/aes.c:399:13:InvShiftRows	0	static
../Application/User/Core/aes.c:429:13:Cipher	16	static
../Application/User/Core/aes.c:455:13:InvCipher	16	static
../Application/User/Core/aes.c:508:13:XorWithIv	0	static
../Application/User/Core/aes.c:235:6:AES_init_ctx	8	static
../Application/User/Core/aes.c:240:6:AES_init_ctx_iv	16	static
../Application/User/Core/aes.c:245:6:AES_ctx_set_iv	4	static
../Application/User/Core/aes.c:486:6:AES_ECB_encrypt	8	static
../Application/User/Core/aes.c:492:6:AES_ECB_decrypt	8	static
../Application/User/Core/aes.c:517:6:AES_CBC_encrypt_buffer	24	static
../Application/User/Core/aes.c:532:6:AES_CBC_decrypt_buffer	40	static
../Application/User/Core/aes.c:554:6:AES_CTR_xcrypt_buffer	40	static
