C:/Users/Eya Bessaoud/OneDrive/Documents/IOTIneternship/Agri_code_lora-e5-main/Agri_code_lora-e5-main/Projects/NUCLEO-WL55JC/Applications/SubGHz_Phy/SubGHz_Phy_PingPong/Core/Src/stm32wlxx_it.c:77:6:NMI_Handler	0	static
C:/Users/Eya Bessaoud/OneDrive/Documents/IOTIneternship/Agri_code_lora-e5-main/Agri_code_lora-e5-main/Projects/NUCLEO-WL55JC/Applications/SubGHz_Phy/SubGHz_Phy_PingPong/Core/Src/stm32wlxx_it.c:92:6:HardFault_Handler	0	static
C:/Users/Eya Bessaoud/OneDrive/Documents/IOTIneternship/Agri_code_lora-e5-main/Agri_code_lora-e5-main/Projects/NUCLEO-WL55JC/Applications/SubGHz_Phy/SubGHz_Phy_PingPong/Core/Src/stm32wlxx_it.c:107:6:MemManage_Handler	0	static
C:/Users/Eya Bessaoud/OneDrive/Documents/IOTIneternship/Agri_code_lora-e5-main/Agri_code_lora-e5-main/Projects/NUCLEO-WL55JC/Applications/SubGHz_Phy/SubGHz_Phy_PingPong/Core/Src/stm32wlxx_it.c:122:6:BusFault_Handler	0	static
C:/Users/Eya Bessaoud/OneDrive/Documents/IOTIneternship/Agri_code_lora-e5-main/Agri_code_lora-e5-main/Projects/NUCLEO-WL55JC/Applications/SubGHz_Phy/SubGHz_Phy_PingPong/Core/Src/stm32wlxx_it.c:137:6:UsageFault_Handler	0	static
C:/Users/Eya Bessaoud/OneDrive/Documents/IOTIneternship/Agri_code_lora-e5-main/Agri_code_lora-e5-main/Projects/NUCLEO-WL55JC/Applications/SubGHz_Phy/SubGHz_Phy_PingPong/Core/Src/stm32wlxx_it.c:152:6:SVC_Handler	0	static
C:/Users/Eya Bessaoud/OneDrive/Documents/IOTIneternship/Agri_code_lora-e5-main/Agri_code_lora-e5-main/Projects/NUCLEO-WL55JC/Applications/SubGHz_Phy/SubGHz_Phy_PingPong/Core/Src/stm32wlxx_it.c:165:6:DebugMon_Handler	0	static
C:/Users/Eya Bessaoud/OneDrive/Documents/IOTIneternship/Agri_code_lora-e5-main/Agri_code_lora-e5-main/Projects/NUCLEO-WL55JC/Applications/SubGHz_Phy/SubGHz_Phy_PingPong/Core/Src/stm32wlxx_it.c:178:6:PendSV_Handler	0	static
C:/Users/Eya Bessaoud/OneDrive/Documents/IOTIneternship/Agri_code_lora-e5-main/Agri_code_lora-e5-main/Projects/NUCLEO-WL55JC/Applications/SubGHz_Phy/SubGHz_Phy_PingPong/Core/Src/stm32wlxx_it.c:191:6:SysTick_Handler	0	static
C:/Users/Eya Bessaoud/OneDrive/Documents/IOTIneternship/Agri_code_lora-e5-main/Agri_code_lora-e5-main/Projects/NUCLEO-WL55JC/Applications/SubGHz_Phy/SubGHz_Phy_PingPong/Core/Src/stm32wlxx_it.c:211:6:TAMP_STAMP_LSECSS_SSRU_IRQHandler	8	static
C:/Users/Eya Bessaoud/OneDrive/Documents/IOTIneternship/Agri_code_lora-e5-main/Agri_code_lora-e5-main/Projects/NUCLEO-WL55JC/Applications/SubGHz_Phy/SubGHz_Phy_PingPong/Core/Src/stm32wlxx_it.c:225:6:DMA1_Channel5_IRQHandler	8	static
C:/Users/Eya Bessaoud/OneDrive/Documents/IOTIneternship/Agri_code_lora-e5-main/Agri_code_lora-e5-main/Projects/NUCLEO-WL55JC/Applications/SubGHz_Phy/SubGHz_Phy_PingPong/Core/Src/stm32wlxx_it.c:239:6:USART1_IRQHandler	8	static
C:/Users/Eya Bessaoud/OneDrive/Documents/IOTIneternship/Agri_code_lora-e5-main/Agri_code_lora-e5-main/Projects/NUCLEO-WL55JC/Applications/SubGHz_Phy/SubGHz_Phy_PingPong/Core/Src/stm32wlxx_it.c:253:6:RTC_Alarm_IRQHandler	8	static
C:/Users/Eya Bessaoud/OneDrive/Documents/IOTIneternship/Agri_code_lora-e5-main/Agri_code_lora-e5-main/Projects/NUCLEO-WL55JC/Applications/SubGHz_Phy/SubGHz_Phy_PingPong/Core/Src/stm32wlxx_it.c:267:6:SUBGHZ_Radio_IRQHandler	8	static
