C:/Users/Eya Bessaoud/OneDrive/Documents/IOTIneternship/Agri_code_lora-e5-main/Agri_code_lora-e5-main/Projects/NUCLEO-WL55JC/Applications/SubGHz_Phy/SubGHz_Phy_PingPong/Core/Src/timer_if.c:270:10:TIMER_IF_SetTimerContext	0	static
C:/Users/Eya Bessaoud/OneDrive/Documents/IOTIneternship/Agri_code_lora-e5-main/Agri_code_lora-e5-main/Projects/NUCLEO-WL55JC/Applications/SubGHz_Phy/SubGHz_Phy_PingPong/Core/Src/timer_if.c:284:10:TIMER_IF_GetTimerContext	0	static
C:/Users/Eya Bessaoud/OneDrive/Documents/IOTIneternship/Agri_code_lora-e5-main/Agri_code_lora-e5-main/Projects/NUCLEO-WL55JC/Applications/SubGHz_Phy/SubGHz_Phy_PingPong/Core/Src/timer_if.c:295:10:TIMER_IF_GetTimerElapsedTime	0	static
C:/Users/Eya Bessaoud/OneDrive/Documents/IOTIneternship/Agri_code_lora-e5-main/Agri_code_lora-e5-main/Projects/NUCLEO-WL55JC/Applications/SubGHz_Phy/SubGHz_Phy_PingPong/Core/Src/timer_if.c:308:10:TIMER_IF_GetTimerValue	0	static
C:/Users/Eya Bessaoud/OneDrive/Documents/IOTIneternship/Agri_code_lora-e5-main/Agri_code_lora-e5-main/Projects/NUCLEO-WL55JC/Applications/SubGHz_Phy/SubGHz_Phy_PingPong/Core/Src/timer_if.c:324:10:TIMER_IF_GetMinimumTimeout	0	static
C:/Users/Eya Bessaoud/OneDrive/Documents/IOTIneternship/Agri_code_lora-e5-main/Agri_code_lora-e5-main/Projects/NUCLEO-WL55JC/Applications/SubGHz_Phy/SubGHz_Phy_PingPong/Core/Src/timer_if.c:337:10:TIMER_IF_Convert_ms2Tick	8	static
C:/Users/Eya Bessaoud/OneDrive/Documents/IOTIneternship/Agri_code_lora-e5-main/Agri_code_lora-e5-main/Projects/NUCLEO-WL55JC/Applications/SubGHz_Phy/SubGHz_Phy_PingPong/Core/Src/timer_if.c:350:10:TIMER_IF_Convert_Tick2ms	0	static
C:/Users/Eya Bessaoud/OneDrive/Documents/IOTIneternship/Agri_code_lora-e5-main/Agri_code_lora-e5-main/Projects/NUCLEO-WL55JC/Applications/SubGHz_Phy/SubGHz_Phy_PingPong/Core/Src/timer_if.c:252:21:TIMER_IF_StopTimer	8	static
C:/Users/Eya Bessaoud/OneDrive/Documents/IOTIneternship/Agri_code_lora-e5-main/Agri_code_lora-e5-main/Projects/NUCLEO-WL55JC/Applications/SubGHz_Phy/SubGHz_Phy_PingPong/Core/Src/timer_if.c:484:13:TIMER_IF_BkUp_Write_MSBticks	8	static
C:/Users/Eya Bessaoud/OneDrive/Documents/IOTIneternship/Agri_code_lora-e5-main/Agri_code_lora-e5-main/Projects/NUCLEO-WL55JC/Applications/SubGHz_Phy/SubGHz_Phy_PingPong/Core/Src/timer_if.c:187:21:TIMER_IF_Init	16	static
C:/Users/Eya Bessaoud/OneDrive/Documents/IOTIneternship/Agri_code_lora-e5-main/Agri_code_lora-e5-main/Projects/NUCLEO-WL55JC/Applications/SubGHz_Phy/SubGHz_Phy_PingPong/Core/Src/timer_if.c:431:6:TIMER_IF_BkUp_Write_Seconds	8	static
C:/Users/Eya Bessaoud/OneDrive/Documents/IOTIneternship/Agri_code_lora-e5-main/Agri_code_lora-e5-main/Projects/NUCLEO-WL55JC/Applications/SubGHz_Phy/SubGHz_Phy_PingPong/Core/Src/timer_if.c:442:6:TIMER_IF_BkUp_Write_SubSeconds	8	static
C:/Users/Eya Bessaoud/OneDrive/Documents/IOTIneternship/Agri_code_lora-e5-main/Agri_code_lora-e5-main/Projects/NUCLEO-WL55JC/Applications/SubGHz_Phy/SubGHz_Phy_PingPong/Core/Src/timer_if.c:224:21:TIMER_IF_StartTimer	56	static
C:/Users/Eya Bessaoud/OneDrive/Documents/IOTIneternship/Agri_code_lora-e5-main/Agri_code_lora-e5-main/Projects/NUCLEO-WL55JC/Applications/SubGHz_Phy/SubGHz_Phy_PingPong/Core/Src/timer_if.c:495:17:TIMER_IF_BkUp_Read_MSBticks	8	static
C:/Users/Eya Bessaoud/OneDrive/Documents/IOTIneternship/Agri_code_lora-e5-main/Agri_code_lora-e5-main/Projects/NUCLEO-WL55JC/Applications/SubGHz_Phy/SubGHz_Phy_PingPong/Core/Src/timer_if.c:407:10:TIMER_IF_GetTime	16	static
C:/Users/Eya Bessaoud/OneDrive/Documents/IOTIneternship/Agri_code_lora-e5-main/Agri_code_lora-e5-main/Projects/NUCLEO-WL55JC/Applications/SubGHz_Phy/SubGHz_Phy_PingPong/Core/Src/timer_if.c:453:10:TIMER_IF_BkUp_Read_Seconds	8	static
C:/Users/Eya Bessaoud/OneDrive/Documents/IOTIneternship/Agri_code_lora-e5-main/Agri_code_lora-e5-main/Projects/NUCLEO-WL55JC/Applications/SubGHz_Phy/SubGHz_Phy_PingPong/Core/Src/timer_if.c:466:10:TIMER_IF_BkUp_Read_SubSeconds	8	static
C:/Users/Eya Bessaoud/OneDrive/Documents/IOTIneternship/Agri_code_lora-e5-main/Agri_code_lora-e5-main/Projects/NUCLEO-WL55JC/Applications/SubGHz_Phy/SubGHz_Phy_PingPong/Core/Src/timer_if.c:363:6:TIMER_IF_DelayMs	8	static,ignoring_inline_asm
C:/Users/Eya Bessaoud/OneDrive/Documents/IOTIneternship/Agri_code_lora-e5-main/Agri_code_lora-e5-main/Projects/NUCLEO-WL55JC/Applications/SubGHz_Phy/SubGHz_Phy_PingPong/Core/Src/timer_if.c:381:6:HAL_RTC_AlarmAEventCallback	8	static
C:/Users/Eya Bessaoud/OneDrive/Documents/IOTIneternship/Agri_code_lora-e5-main/Agri_code_lora-e5-main/Projects/NUCLEO-WL55JC/Applications/SubGHz_Phy/SubGHz_Phy_PingPong/Core/Src/timer_if.c:392:6:HAL_RTCEx_SSRUEventCallback	8	static
