C:/Users/Eya Bessaoud/OneDrive/Documents/IOTIneternship/Agri_code_lora-e5-main/Agri_code_lora-e5-main/Projects/NUCLEO-WL55JC/Applications/SubGHz_Phy/SubGHz_Phy_PingPong/SubGHz_Phy/App/subghz_phy_app.c:400:14:Voltage_mVToV	8	static
C:/Users/Eya Bessaoud/OneDrive/Documents/IOTIneternship/Agri_code_lora-e5-main/Agri_code_lora-e5-main/Projects/NUCLEO-WL55JC/Applications/SubGHz_Phy/SubGHz_Phy_PingPong/SubGHz_Phy/App/subghz_phy_app.c:435:13:LogBatteryDrop	24	static
C:/Users/Eya Bessaoud/OneDrive/Documents/IOTIneternship/Agri_code_lora-e5-main/Agri_code_lora-e5-main/Projects/NUCLEO-WL55JC/Applications/SubGHz_Phy/SubGHz_Phy_PingPong/SubGHz_Phy/App/subghz_phy_app.c:403:13:CalculateEnergy	144	static
C:/Users/Eya Bessaoud/OneDrive/Documents/IOTIneternship/Agri_code_lora-e5-main/Agri_code_lora-e5-main/Projects/NUCLEO-WL55JC/Applications/SubGHz_Phy/SubGHz_Phy_PingPong/SubGHz_Phy/App/subghz_phy_app.c:387:13:OnRxError	8	static
C:/Users/Eya Bessaoud/OneDrive/Documents/IOTIneternship/Agri_code_lora-e5-main/Agri_code_lora-e5-main/Projects/NUCLEO-WL55JC/Applications/SubGHz_Phy/SubGHz_Phy_PingPong/SubGHz_Phy/App/subghz_phy_app.c:376:13:OnRxTimeout	8	static
C:/Users/Eya Bessaoud/OneDrive/Documents/IOTIneternship/Agri_code_lora-e5-main/Agri_code_lora-e5-main/Projects/NUCLEO-WL55JC/Applications/SubGHz_Phy/SubGHz_Phy_PingPong/SubGHz_Phy/App/subghz_phy_app.c:365:13:OnTxTimeout	8	static
C:/Users/Eya Bessaoud/OneDrive/Documents/IOTIneternship/Agri_code_lora-e5-main/Agri_code_lora-e5-main/Projects/NUCLEO-WL55JC/Applications/SubGHz_Phy/SubGHz_Phy_PingPong/SubGHz_Phy/App/subghz_phy_app.c:317:13:OnTxDone	16	static
C:/Users/Eya Bessaoud/OneDrive/Documents/IOTIneternship/Agri_code_lora-e5-main/Agri_code_lora-e5-main/Projects/NUCLEO-WL55JC/Applications/SubGHz_Phy/SubGHz_Phy_PingPong/SubGHz_Phy/App/subghz_phy_app.c:960:13:triggerWaitActuator	8	static
C:/Users/Eya Bessaoud/OneDrive/Documents/IOTIneternship/Agri_code_lora-e5-main/Agri_code_lora-e5-main/Projects/NUCLEO-WL55JC/Applications/SubGHz_Phy/SubGHz_Phy_PingPong/SubGHz_Phy/App/subghz_phy_app.c:930:13:triggerWaitTx	8	static
C:/Users/Eya Bessaoud/OneDrive/Documents/IOTIneternship/Agri_code_lora-e5-main/Agri_code_lora-e5-main/Projects/NUCLEO-WL55JC/Applications/SubGHz_Phy/SubGHz_Phy_PingPong/SubGHz_Phy/App/subghz_phy_app.c:333:13:OnRxDone	32	static
C:/Users/Eya Bessaoud/OneDrive/Documents/IOTIneternship/Agri_code_lora-e5-main/Agri_code_lora-e5-main/Projects/NUCLEO-WL55JC/Applications/SubGHz_Phy/SubGHz_Phy_PingPong/SubGHz_Phy/App/subghz_phy_app.c:503:12:decode_and_decrypt	720	static
C:/Users/Eya Bessaoud/OneDrive/Documents/IOTIneternship/Agri_code_lora-e5-main/Agri_code_lora-e5-main/Projects/NUCLEO-WL55JC/Applications/SubGHz_Phy/SubGHz_Phy_PingPong/SubGHz_Phy/App/subghz_phy_app.c:464:13:encrypt_and_encode	720	static
C:/Users/Eya Bessaoud/OneDrive/Documents/IOTIneternship/Agri_code_lora-e5-main/Agri_code_lora-e5-main/Projects/NUCLEO-WL55JC/Applications/SubGHz_Phy/SubGHz_Phy_PingPong/SubGHz_Phy/App/subghz_phy_app.c:212:6:SubghzApp_Init	72	static
C:/Users/Eya Bessaoud/OneDrive/Documents/IOTIneternship/Agri_code_lora-e5-main/Agri_code_lora-e5-main/Projects/NUCLEO-WL55JC/Applications/SubGHz_Phy/SubGHz_Phy_PingPong/SubGHz_Phy/App/subghz_phy_app.c:440:6:AppendLiveTxMetricsToBuffer	64	static
C:/Users/Eya Bessaoud/OneDrive/Documents/IOTIneternship/Agri_code_lora-e5-main/Agri_code_lora-e5-main/Projects/NUCLEO-WL55JC/Applications/SubGHz_Phy/SubGHz_Phy_PingPong/SubGHz_Phy/App/subghz_phy_app.c:541:6:frameTypeSkipsCfEncryption	8	static
C:/Users/Eya Bessaoud/OneDrive/Documents/IOTIneternship/Agri_code_lora-e5-main/Agri_code_lora-e5-main/Projects/NUCLEO-WL55JC/Applications/SubGHz_Phy/SubGHz_Phy_PingPong/SubGHz_Phy/App/subghz_phy_app.c:947:6:buildDataString	40	static
C:/Users/Eya Bessaoud/OneDrive/Documents/IOTIneternship/Agri_code_lora-e5-main/Agri_code_lora-e5-main/Projects/NUCLEO-WL55JC/Applications/SubGHz_Phy/SubGHz_Phy_PingPong/SubGHz_Phy/App/subghz_phy_app.c:970:6:buildActuatorDataString	88	static
C:/Users/Eya Bessaoud/OneDrive/Documents/IOTIneternship/Agri_code_lora-e5-main/Agri_code_lora-e5-main/Projects/NUCLEO-WL55JC/Applications/SubGHz_Phy/SubGHz_Phy_PingPong/SubGHz_Phy/App/subghz_phy_app.c:984:6:buildDeviceDataString	48	static
C:/Users/Eya Bessaoud/OneDrive/Documents/IOTIneternship/Agri_code_lora-e5-main/Agri_code_lora-e5-main/Projects/NUCLEO-WL55JC/Applications/SubGHz_Phy/SubGHz_Phy_PingPong/SubGHz_Phy/App/subghz_phy_app.c:1008:10:find_sensor_by_index_and_type	16	static
C:/Users/Eya Bessaoud/OneDrive/Documents/IOTIneternship/Agri_code_lora-e5-main/Agri_code_lora-e5-main/Projects/NUCLEO-WL55JC/Applications/SubGHz_Phy/SubGHz_Phy_PingPong/SubGHz_Phy/App/subghz_phy_app.c:1018:13:find_actionneur_by_index_and_output	16	static
C:/Users/Eya Bessaoud/OneDrive/Documents/IOTIneternship/Agri_code_lora-e5-main/Agri_code_lora-e5-main/Projects/NUCLEO-WL55JC/Applications/SubGHz_Phy/SubGHz_Phy_PingPong/SubGHz_Phy/App/subghz_phy_app.c:1026:6:appendTimeToBuffer	32	static
C:/Users/Eya Bessaoud/OneDrive/Documents/IOTIneternship/Agri_code_lora-e5-main/Agri_code_lora-e5-main/Projects/NUCLEO-WL55JC/Applications/SubGHz_Phy/SubGHz_Phy_PingPong/SubGHz_Phy/App/subghz_phy_app.c:1032:6:traiter_commande_recue	232	static
C:/Users/Eya Bessaoud/OneDrive/Documents/IOTIneternship/Agri_code_lora-e5-main/Agri_code_lora-e5-main/Projects/NUCLEO-WL55JC/Applications/SubGHz_Phy/SubGHz_Phy_PingPong/SubGHz_Phy/App/subghz_phy_app.c:1260:6:AppendCRCToBuffer	32	static
C:/Users/Eya Bessaoud/OneDrive/Documents/IOTIneternship/Agri_code_lora-e5-main/Agri_code_lora-e5-main/Projects/NUCLEO-WL55JC/Applications/SubGHz_Phy/SubGHz_Phy_PingPong/SubGHz_Phy/App/subghz_phy_app.c:546:13:PingPong_Process	1360	static
